 INFO: [Oct 14 21:02:08.739] writing log files to disk path=C:\slime\log/sls-control-plane.log
DEBUG: [Oct 14 21:02:08.739] running in debug mode    
 INFO: [Oct 14 21:02:08.739] loading configuration from file config_file=/system/protocube/config.yml
 INFO: [Oct 14 21:02:08.740] Initialized blueprint registry. Loaded 0 blueprints
 INFO: [Oct 14 21:03:44.495] writing log files to disk path=C:\slime\log/sls-control-plane.log
DEBUG: [Oct 14 21:03:44.495] running in debug mode    
 INFO: [Oct 14 21:03:44.495] loading configuration from file config_file=/system/protocube/config.yml
FATAL: [Oct 14 21:03:44.495] failed to initialize database error=database: could not open database file: unable to open database file: out of memory (14)
 INFO: [Oct 14 21:04:29.960] writing log files to disk path=C:\slime\log/sls-control-plane.log
DEBUG: [Oct 14 21:04:29.960] running in debug mode    
 INFO: [Oct 14 21:04:29.960] loading configuration from file config_file=/system/protocube/config.yml
FATAL: [Oct 14 21:04:29.960] failed to initialize database error=database: could not open database file: unable to open database file: out of memory (14)
 INFO: [Oct 14 21:04:31.821] writing log files to disk path=C:\slime\log/sls-control-plane.log
DEBUG: [Oct 14 21:04:31.821] running in debug mode    
 INFO: [Oct 14 21:04:31.821] loading configuration from file config_file=/system/protocube/config.yml
FATAL: [Oct 14 21:04:31.822] failed to initialize database error=database: could not open database file: unable to open database file: out of memory (14)
 INFO: [Oct 15 00:00:00.059] writing log files to disk path=C:\slime\log/sls-control-plane.log
DEBUG: [Oct 15 00:00:00.059] running in debug mode    
 INFO: [Oct 15 00:00:00.059] loading configuration from file config_file=/system/protocube/config.yml
FATAL: [Oct 15 00:00:00.059] failed to initialize database error=database: could not open database file: unable to open database file: out of memory (14)
