 INFO: [Oct  4 23:52:49.979] writing log files to disk path=C:\slime\log/soc.log
DEBUG: [Oct  4 23:52:49.979] running in debug mode    
 INFO: [Oct  4 23:52:49.979] loading configuration from file config_file=/system/sos/config.yml
DEBUG: [Oct  4 23:52:49.979] API: All service handlers registered successfully
 INFO: [Oct  4 23:52:49.980] token: eyJhbGciOiJIUzI1NiIsInR5cCI6IkpXVCJ9.eyJub2RlX2lkIjoibm9kZS0xIiwic3ViIjoibm9kZS0xIiwiaWF0IjoxNzU5NjM5OTY5fQ.fSg7a15d6ogDCcmB3fYGfvgQ36h9yZCb4CDcXYllLu4
 WARN: [Oct  4 23:52:49.980] API is running without TLS
 INFO: [Oct  4 23:52:49.980] API Listening on :0
 INFO: [Oct  4 23:56:38.081] writing log files to disk path=C:\slime\log/soc.log
DEBUG: [Oct  4 23:56:38.081] running in debug mode    
 INFO: [Oct  4 23:56:38.081] loading configuration from file config_file=/system/sos/config.yml
DEBUG: [Oct  4 23:56:38.081] API: All service handlers registered successfully
 INFO: [Oct  4 23:56:38.081] token: eyJhbGciOiJIUzI1NiIsInR5cCI6IkpXVCJ9.eyJub2RlX2lkIjoibm9kZS0xIiwic3ViIjoibm9kZS0xIiwiaWF0IjoxNzU5NjQwMTk4fQ.d2kFYopd5M4ikD1njRr96hH4kYvx8wUv1okjCtSkI7s
 WARN: [Oct  4 23:56:38.081] API is running without TLS
 INFO: [Oct  4 23:56:38.081] API Listening on :0
 INFO: [Oct  4 23:56:51.887] writing log files to disk path=C:\slime\log/soc.log
DEBUG: [Oct  4 23:56:51.887] running in debug mode    
 INFO: [Oct  4 23:56:51.887] loading configuration from file config_file=/system/sos/config.yml
DEBUG: [Oct  4 23:56:51.887] API: All service handlers registered successfully
 INFO: [Oct  4 23:56:51.888] token: eyJhbGciOiJIUzI1NiIsInR5cCI6IkpXVCJ9.eyJub2RlX2lkIjoibm9kZS0xIiwic3ViIjoibm9kZS0xIiwiaWF0IjoxNzU5NjQwMjExfQ.i5IwYTUFokWLbzTZqeL6c3fRdqvTc63p6IZ9qyWXcyA
 WARN: [Oct  4 23:56:51.888] API is running without TLS
 INFO: [Oct  4 23:56:51.888] API Listening on :0
 INFO: [Oct  4 23:57:24.014] writing log files to disk path=C:\slime\log/soc.log
DEBUG: [Oct  4 23:57:24.014] running in debug mode    
 INFO: [Oct  4 23:57:24.014] loading configuration from file config_file=/system/sos/config.yml
DEBUG: [Oct  4 23:57:24.015] API: All service handlers registered successfully
ERROR: [Oct  4 23:57:24.015] :0                       
 INFO: [Oct  4 23:57:24.015] token: eyJhbGciOiJIUzI1NiIsInR5cCI6IkpXVCJ9.eyJub2RlX2lkIjoibm9kZS0xIiwic3ViIjoibm9kZS0xIiwiaWF0IjoxNzU5NjQwMjQ0fQ.AWf2Xy2ZOrHDcnG-FiO-yyzB_Zl-C22uG1DggoIe6VM
 WARN: [Oct  4 23:57:24.015] API is running without TLS
 INFO: [Oct  4 23:57:24.015] API Listening on :0
 INFO: [Oct  5 00:00:02.722] writing log files to disk path=C:\slime\log/soc.log
DEBUG: [Oct  5 00:00:02.722] running in debug mode    
 INFO: [Oct  5 00:00:02.722] loading configuration from file config_file=/system/sos/config.yml
DEBUG: [Oct  5 00:00:02.722] API: All service handlers registered successfully
ERROR: [Oct  5 00:00:02.722] :0                       
 INFO: [Oct  5 00:00:02.722] token: eyJhbGciOiJIUzI1NiIsInR5cCI6IkpXVCJ9.eyJub2RlX2lkIjoibm9kZS0xIiwic3ViIjoibm9kZS0xIiwiaWF0IjoxNzU5NjQwNDAyfQ.cJ32MP1RFYlQZgfc9fKOUliN4tfT1gb0yS4pZXe5OaI
 WARN: [Oct  5 00:00:02.722] API is running without TLS
 INFO: [Oct  5 00:00:02.722] API Listening on :0
 INFO: [Oct  5 00:00:57.845] writing log files to disk path=C:\slime\log/soc.log
DEBUG: [Oct  5 00:00:57.845] running in debug mode    
 INFO: [Oct  5 00:00:57.845] loading configuration from file config_file=/system/sos/config.yml
DEBUG: [Oct  5 00:00:57.845] API: All service handlers registered successfully
ERROR: [Oct  5 00:00:57.845] 0.0.0.0:6060             
 INFO: [Oct  5 00:00:57.845] token: eyJhbGciOiJIUzI1NiIsInR5cCI6IkpXVCJ9.eyJub2RlX2lkIjoibm9kZS0xIiwic3ViIjoibm9kZS0xIiwiaWF0IjoxNzU5NjQwNDU3fQ.eqiY4ZJ-G9AM392DcJJQV0CtlmZSqLrFmqfT06wm3r8
 WARN: [Oct  5 00:00:57.845] API running with reflection enabled
 WARN: [Oct  5 00:00:57.845] API is running without TLS
 INFO: [Oct  5 00:00:57.845] API Listening on 0.0.0.0:6060
 INFO: [Oct  5 00:02:22.559] writing log files to disk path=C:\slime\log/soc.log
DEBUG: [Oct  5 00:02:22.559] running in debug mode    
 INFO: [Oct  5 00:02:22.559] loading configuration from file config_file=/system/sos/config.yml
DEBUG: [Oct  5 00:02:22.559] API: All service handlers registered successfully
 INFO: [Oct  5 00:02:22.559] token: eyJhbGciOiJIUzI1NiIsInR5cCI6IkpXVCJ9.eyJub2RlX2lkIjoibm9kZS0xIiwic3ViIjoibm9kZS0xIiwiaWF0IjoxNzU5NjQwNTQyfQ.waaDKGf34VyqVBfNFlW51KdWduvPV7Cujm3nI4-cBbo
 WARN: [Oct  5 00:02:22.559] API running with reflection enabled
 WARN: [Oct  5 00:02:22.559] API is running without TLS
 INFO: [Oct  5 00:02:22.559] API Listening on 0.0.0.0:6060
 INFO: [Oct  5 00:03:00.061] writing log files to disk path=C:\slime\log/soc.log
DEBUG: [Oct  5 00:03:00.061] running in debug mode    
 INFO: [Oct  5 00:03:00.061] loading configuration from file config_file=/system/sos/config.yml
DEBUG: [Oct  5 00:03:00.061] API: All service handlers registered successfully
FATAL: [Oct  5 00:03:00.061] failed to listen on address error=listen tcp 0.0.0.0:8080: bind: address already in use
 INFO: [Oct  5 00:05:38.004] writing log files to disk path=C:\slime\log/soc.log
DEBUG: [Oct  5 00:05:38.004] running in debug mode    
 INFO: [Oct  5 00:05:38.004] loading configuration from file config_file=/system/sos/config.yml
DEBUG: [Oct  5 00:05:38.005] API: All service handlers registered successfully
FATAL: [Oct  5 00:05:38.005] failed to listen on address error=listen tcp 0.0.0.0:8080: bind: address already in use
 INFO: [Oct  5 00:06:14.405] writing log files to disk path=C:\slime\log/soc.log
DEBUG: [Oct  5 00:06:14.405] running in debug mode    
 INFO: [Oct  5 00:06:14.405] loading configuration from file config_file=/system/sos/config.yml
DEBUG: [Oct  5 00:06:14.405] API: All service handlers registered successfully
FATAL: [Oct  5 00:06:14.406] failed to listen on address error=listen tcp 0.0.0.0:8080: bind: address already in use
 INFO: [Oct  5 00:06:33.727] writing log files to disk path=C:\slime\log/soc.log
DEBUG: [Oct  5 00:06:33.727] running in debug mode    
 INFO: [Oct  5 00:06:33.727] loading configuration from file config_file=/system/sos/config.yml
DEBUG: [Oct  5 00:06:33.727] API: All service handlers registered successfully
 INFO: [Oct  5 00:06:33.727] token: eyJhbGciOiJIUzI1NiIsInR5cCI6IkpXVCJ9.eyJub2RlX2lkIjoibm9kZS0xIiwic3ViIjoibm9kZS0xIiwiaWF0IjoxNzU5NjQwNzkzfQ.mvJ2ddl1iNtTVNL365iRTjQk0M35o3OVTdD94xMqNjY
 WARN: [Oct  5 00:06:33.727] API running with reflection enabled
 WARN: [Oct  5 00:06:33.727] API is running without TLS
 INFO: [Oct  5 00:06:33.727] API Listening on 0.0.0.0:5050
 INFO: [Oct  5 00:06:43.690] writing log files to disk path=C:\slime\log/soc.log
DEBUG: [Oct  5 00:06:43.690] running in debug mode    
 INFO: [Oct  5 00:06:43.690] loading configuration from file config_file=/system/sos/config.yml
DEBUG: [Oct  5 00:06:43.690] API: All service handlers registered successfully
FATAL: [Oct  5 00:06:43.691] failed to listen on address error=listen tcp 0.0.0.0:80: bind: permission denied
 INFO: [Oct  5 00:06:57.974] writing log files to disk path=C:\slime\log/soc.log
DEBUG: [Oct  5 00:06:57.974] running in debug mode    
 INFO: [Oct  5 00:06:57.974] loading configuration from file config_file=/system/sos/config.yml
DEBUG: [Oct  5 00:06:57.974] API: All service handlers registered successfully
 INFO: [Oct  5 00:06:57.975] token: eyJhbGciOiJIUzI1NiIsInR5cCI6IkpXVCJ9.eyJub2RlX2lkIjoibm9kZS0xIiwic3ViIjoibm9kZS0xIiwiaWF0IjoxNzU5NjQwODE3fQ.D8Itz47PFaewOqrmg6JPleXr0xV0SXm1wE4tWs8SBFQ
 WARN: [Oct  5 00:06:57.975] API running with reflection enabled
 WARN: [Oct  5 00:06:57.975] API is running without TLS
 INFO: [Oct  5 00:06:57.975] API Listening on 0.0.0.0:5050
